{"schema":"probavi-notification/1","event":"drill.completed","ts":"2026-08-01T03:10:02.481Z","drill":{"name":"prod-orders-db","config_hash":"sha256:9f2a11a6a9e1a76f7e4c62b9b2b0a3f2c1d0e9f8a7b6c5d4e3f2a1b0c9d8e7f6"},"adapter":"postgres","outcome":"pass","seq":7,"checks_passed":3,"checks_total":3,"timings_ms":{"restore":190,"total":2412},"error":null,"probavi_version":"0.1.0"}
{"schema":"probavi-notification/1","event":"drill.completed","ts":"2026-08-01T04:00:00.000Z","drill":{"name":"prod-orders-db","config_hash":"sha256:9f2a11a6a9e1a76f7e4c62b9b2b0a3f2c1d0e9f8a7b6c5d4e3f2a1b0c9d8e7f6"},"adapter":"postgres","outcome":"fail","seq":8,"checks_passed":2,"checks_total":3,"timings_ms":{"restore":210,"total":2500},"error":{"code":"check_failed","message":"1 of 3 checks failed"},"probavi_version":"0.1.0"}
{"schema":"probavi-notification/1","event":"drill.completed","ts":"2026-08-01T05:00:00.000Z","drill":{"name":"prod-orders-db","config_hash":"sha256:9f2a11a6a9e1a76f7e4c62b9b2b0a3f2c1d0e9f8a7b6c5d4e3f2a1b0c9d8e7f6"},"adapter":"postgres","outcome":"error","seq":9,"checks_passed":0,"checks_total":0,"timings_ms":{"restore":null,"total":null},"error":{"code":"sandbox_error","message":"sandbox create failed"},"probavi_version":"0.1.0"}
